Dump	NfsOptions::validate
Return	Empty option strings are not allowed.
Return	
Return	
Return	
Return	
Return	Unknown option: ' bg'
Return	Unknown option: 'unknownoption'
Return	Unknown option: 'unknownassignment'
Return	Empty value for option: 'rsize'
Return	Unknown option: 'two'
Return	Invalid option: 'retrans=trans=trans'
Return	Unknown option: 'intr'
Dump	NfsOptions::get_nfs41
Dump	NfsOptions::set_nfs41
