Dump	CheckHostName
Return	true
Log	The hostname entered is invalid. It must be
Return	false
Log	The hostname entered is invalid. It must be
Return	false
Log	The hostname entered is invalid. It must be
Return	false
Return	true
Log	The hostname entered is invalid. It must be
Return	false
Return	true
Log	The hostname entered is invalid. It must be
Return	false
Return	true
Log	The hostname entered is invalid. It must be
Return	false
Return	true
Return	true
Log	The hostname entered is invalid. It must be
Return	false
Dump	FormatHostnameForFstab
Return	[::1]
Return	[::1]
Return	127.0.0.1
Return	suse.de
