Dump	StripExtraSlash
Return	
Return	/
Return	/normal/path
Return	/trailing/slash
